// 重构日志: d10a7c85
// 重构日志: 279caa57
// 同步 ID: 08cfdc19 @ Sun Jul  5 09:45:04 UTC 2026
// 重构日志: 3e1773e5
// 重构日志: 0c1e0706
// 同步 ID: 7bb22def @ Tue Jul  7 19:43:23 UTC 2026
// 重构日志: cfa8e400
// 重构日志: d856ab4e
// 重构日志: fabeaaa8
// 重构日志: 0f7858f3
// 重构日志: ae63a84f
// 同步 ID: 9626a537 @ Sun Jul 12 08:17:22 UTC 2026
// 重构日志: 1cc3a37b
// 重构日志: 709ce501
// 同步 ID: 9607740d @ Wed Jul 15 08:03:37 UTC 2026
// 重构日志: 7469cb54
// 重构日志: 6413ea14
// 同步 ID: cfc5e832 @ Thu Jul 16 17:36:05 UTC 2026
// 重构日志: ed7c7b05
// 重构日志: d4fb41e8
// 重构日志: 07f9246f
// 同步 ID: 1ce07d4e @ Tue Jul 21 16:13:00 UTC 2026
// 同步 ID: 17343cfe @ Wed Jul 22 11:01:45 UTC 2026
// 同步 ID: 3636847d @ Thu Jul 23 18:58:20 UTC 2026
// 重构日志: 55b3d953
// 同步 ID: c1885cba @ Sat Jul 25 07:30:35 UTC 2026
// 同步 ID: ef9e379a @ Mon Jul 27 17:50:25 UTC 2026
// 同步 ID: 8aab0b9f @ Wed Jul 29 16:12:20 UTC 2026
// 重构日志: a92d9f66
